// Jest Snapshot v1, https://goo.gl/fbAQLP

exports[`renders the UI as expected 1`] = `
<div
  className="route-list"
>
  <ul />
  <span />
  <button
    className="save-button"
    onClick={[Function]}
    type="button"
  >
    New Route
  </button>
</div>
`;
