// Jest Snapshot v1, https://goo.gl/fbAQLP

exports[`renders the UI as expected 1`] = `
<div>
  <ul
    className="route-list"
  />
  <button
    onClick={[Function]}
  >
    Add to Schedule
  </button>
</div>
`;
