// Jest Snapshot v1, https://goo.gl/fbAQLP

exports[`renders the UI as expected 1`] = `
<form
  className="login-form"
  onSubmit={[Function]}
>
  <div
    className="form-div"
  >
    <label
      htmlFor="user_name"
    >
      username
    </label>
    <input
      name="user_name"
      placeholder="username"
      type="text"
    />
    <label
      htmlFor="password"
    >
      password
    </label>
    <input
      name="password"
      placeholder="password"
      type="password"
    />
  </div>
  <button
    className="save-button"
    type="submit"
  >
    Log in
  </button>
</form>
`;
